1.000000000000000000e+00 8.777102185364211798e+08
2.098000000000000043e+01 6.790738712336012125e+08
4.096000000000000085e+01 1.281653768112957954e+09
6.093999999999999773e+01 9.895141383217341900e+08
8.092000000000000171e+01 1.644428225410198450e+09
1.009000000000000057e+02 1.867553435498107433e+09
1.208799999999999955e+02 2.727978584716558456e+09
1.408600000000000136e+02 3.485360972315014839e+09
1.608400000000000034e+02 5.160093977095302582e+09
1.808199999999999932e+02 5.382702122136935234e+09
2.008000000000000114e+02 6.460795725555240631e+09
2.207800000000000011e+02 6.995470212552824020e+09
2.407599999999999909e+02 7.286970553409215927e+09
2.607400000000000091e+02 8.226673475492528915e+09
2.807200000000000273e+02 8.327409989062929153e+09
3.006999999999999886e+02 9.619371193193197250e+09
3.206800000000000068e+02 9.369811813455860138e+09
3.406600000000000250e+02 9.104859193484281540e+09
3.606399999999999864e+02 9.729990500625982285e+09
3.806200000000000045e+02 9.940462562463581085e+09
4.006000000000000227e+02 9.268197008478076935e+09
4.205799999999999841e+02 8.787334302191659927e+09
4.405600000000000023e+02 9.129086376160419464e+09
4.605400000000000205e+02 7.779933292672563553e+09
4.805199999999999818e+02 7.526621801784563065e+09
5.005000000000000000e+02 7.591011765671660423e+09
5.204800000000000182e+02 6.678190753735784531e+09
5.404600000000000364e+02 6.121317451437492371e+09
5.604400000000000546e+02 5.260359870921360970e+09
5.804199999999999591e+02 4.848896850043883324e+09
6.003999999999999773e+02 4.106831582436768055e+09
6.203799999999999955e+02 4.211481029511624336e+09
6.403600000000000136e+02 3.121635738678560734e+09
6.603400000000000318e+02 3.380445763109386444e+09
6.803200000000000500e+02 3.118148602325946808e+09
7.003000000000000682e+02 2.811738782361513138e+09
7.202799999999999727e+02 2.072452893000621557e+09
7.402599999999999909e+02 1.504707376288168430e+09
7.602400000000000091e+02 1.466769043631033182e+09
7.802200000000000273e+02 9.978130033073394299e+08
8.002000000000000455e+02 1.665090239533773422e+09
8.201800000000000637e+02 8.004255530245773792e+08
8.401599999999999682e+02 5.117393806689400673e+08
8.601399999999999864e+02 6.322357582623752356e+08
8.801200000000000045e+02 1.298413337549493551e+09
9.001000000000000227e+02 4.489111127284154892e+08
9.200800000000000409e+02 1.020510580776718736e+09
9.400600000000000591e+02 1.070220482478214383e+09
9.600399999999999636e+02 1.002219939223023534e+09
9.800199999999999818e+02 7.345506942509435415e+08
1.000000000000000000e+03 4.493161493147843480e+08
