9.999999999999999547e-07 -1.197820710235211517e-07
2.098000000000000242e-05 6.924828474095307638e-07
4.096000000000000086e-05 2.561077262499262741e-07
6.094000000000000268e-05 1.030751199305443095e-06
8.092000000000000451e-05 7.874114470046066840e-07
1.009000000000000131e-04 8.806303440979378094e-07
1.208800000000000082e-04 1.562452573534119159e-06
1.408600000000000032e-04 1.838355192312394997e-06
1.608400000000000118e-04 1.410241145242445531e-06
1.808200000000000204e-04 2.199846226323408048e-06
2.008000000000000290e-04 1.842007882319468543e-06
2.207800000000000105e-04 1.778471213457521110e-06
2.407600000000000191e-04 1.884293834600544644e-06
2.607400000000000277e-04 2.047642054270967504e-06
2.807200000000000363e-04 2.523156666876296214e-06
3.007000000000000449e-04 2.545726235786433266e-06
3.206800000000000535e-04 2.460432174283902800e-06
3.406600000000000622e-04 2.861577734441427585e-06
3.606400000000000708e-04 2.849954420922386341e-06
3.806200000000000794e-04 2.414514066333922747e-06
4.006000000000000880e-04 2.982486785886146022e-06
4.205800000000000424e-04 2.955111272748692533e-06
4.405600000000000510e-04 2.819427641025800896e-06
4.605400000000000596e-04 2.844733007426936831e-06
4.805200000000000682e-04 3.313744789156177503e-06
5.005000000000000768e-04 2.960072795461116620e-06
5.204800000000000312e-04 3.236323873966292994e-06
5.404600000000000940e-04 3.147551461631419596e-06
5.604400000000000484e-04 2.970124944115464577e-06
5.804200000000001112e-04 3.097884395929817135e-06
6.004000000000000656e-04 3.179955891749281347e-06
6.203800000000001284e-04 3.541110747656316689e-06
6.403600000000000828e-04 3.404220097513940106e-06
6.603400000000000372e-04 3.769470464061650955e-06
6.803200000000001000e-04 3.148084445395174103e-06
7.003000000000000544e-04 3.335464495071386809e-06
7.202800000000001172e-04 3.754077063156774466e-06
7.402600000000000716e-04 3.435991336746273853e-06
7.602400000000001344e-04 3.278616193955216862e-06
7.802200000000000888e-04 3.729450291225239008e-06
8.002000000000001516e-04 3.477411377532312377e-06
8.201800000000001060e-04 3.432994861711388551e-06
8.401600000000000604e-04 3.811667230451929130e-06
8.601400000000001232e-04 4.032659766296054431e-06
8.801200000000000776e-04 3.549304983212951728e-06
9.001000000000001404e-04 4.010009650059974803e-06
9.200800000000000948e-04 3.924921490099606126e-06
9.400600000000001576e-04 3.948096486122101183e-06
9.600400000000001120e-04 3.451023845914724504e-06
9.800200000000000664e-04 4.101963633623764772e-06
1.000000000000000021e-03 3.568010323213795608e-06
