1.000000000000000021e-02 2.380513270475032041e+05
1.179999999999999973e-02 1.970121242255924153e+05
1.360000000000000098e-02 1.715403538187955273e+05
1.540000000000000049e-02 1.543437556324663165e+05
1.720000000000000001e-02 1.345818448553060007e+05
1.900000000000000300e-02 1.214458488093948399e+05
2.079999999999999905e-02 1.152436336227506254e+05
2.260000000000000203e-02 1.026272499598978466e+05
2.440000000000000155e-02 1.041267843041825545e+05
2.620000000000000107e-02 9.609235471319088538e+04
2.800000000000000405e-02 8.371391846298686869e+04
2.980000000000000010e-02 8.028363514076336287e+04
3.160000000000000309e-02 7.365032064701632771e+04
3.339999999999999913e-02 6.821285869345792162e+04
3.520000000000000212e-02 6.470560629947989219e+04
3.700000000000000511e-02 6.083123097133111150e+04
3.880000000000000115e-02 6.013546185262939252e+04
4.060000000000000414e-02 5.852282311806643702e+04
4.240000000000000713e-02 5.972604673749553331e+04
4.420000000000000318e-02 5.417441662188272312e+04
4.600000000000000616e-02 4.852784970152089954e+04
4.780000000000000221e-02 5.444956956850086863e+04
4.960000000000000520e-02 5.022128778060189507e+04
5.140000000000000818e-02 4.607555764660176646e+04
5.320000000000000423e-02 4.761248800175434735e+04
5.500000000000000722e-02 4.430626321988485142e+04
5.680000000000000326e-02 3.965269581425556680e+04
5.860000000000000625e-02 3.662927522140476503e+04
6.040000000000000924e-02 3.715577396884814516e+04
6.220000000000000528e-02 3.574935777101127314e+04
6.400000000000000133e-02 3.546375700343149219e+04
6.579999999999999738e-02 3.977967970590745244e+04
6.760000000000000731e-02 3.519111763354013965e+04
6.940000000000000335e-02 3.046131048952172205e+04
7.119999999999999940e-02 3.153061578736133742e+04
7.299999999999999545e-02 3.615371462770371727e+04
7.480000000000000537e-02 3.399376581877066201e+04
7.660000000000000142e-02 3.389339499940191308e+04
7.839999999999999747e-02 3.136987856546438707e+04
8.020000000000000739e-02 3.094076954867686436e+04
8.200000000000000344e-02 2.644420777199817894e+04
8.379999999999999949e-02 2.440099213381115987e+04
8.559999999999999554e-02 3.389532117749839381e+04
8.740000000000000546e-02 2.268775079831312905e+04
8.920000000000000151e-02 3.203041803255239211e+04
9.099999999999999756e-02 2.582938519934863143e+04
9.280000000000000748e-02 2.408036012355996354e+04
9.460000000000000353e-02 2.233076107729132127e+04
9.639999999999999958e-02 2.987816482636812361e+04
9.820000000000000950e-02 2.993030036222189665e+04
1.000000000000000056e-01 2.082980419208234161e+04
